// Jest Snapshot v1, https://goo.gl/fbAQLP

exports[`PageTwo component renders as expected 1`] = `
<PageTwo
  testOne="One"
  testTwo="Two"
>
  <div
    data-text="one"
  >
    one
    <hr />
    <PageTwo
      testOne="TEST"
    >
      <div>
        TEST
      </div>
    </PageTwo>
    <p>
      <button
        onClick={[Function]}
      >
        Click Test
      </button>
    </p>
    <input
      placeholder="one"
      type="text"
    />
    <ul>
      <li>
        <a
          href="#"
          onClick={[Function]}
        >
          ONE
        </a>
      </li>
      <li>
        <a
          href="#"
          onClick={[Function]}
        >
          TWO
        </a>
      </li>
    </ul>
  </div>
</PageTwo>
`;
